// Jest Snapshot v1, https://goo.gl/fbAQLP

exports[`MainSettings component should match snapshot 1`] = `
<div>
  <div
    aria-labelledby="main-settings-label"
    class="fieldset"
    role="group"
  >
    <div
      class="legend"
      id="main-settings-label"
    >
      Main settings
    </div>
    <div
      class="inputs"
    >
      <div
        class="container"
      >
        <label
          class="label number"
        >
          <div
            class="labelText"
          >
            Seats
          </div>
          <input
            aria-invalid="false"
            class="input"
            name="seats"
            type="number"
            value="100"
          />
        </label>
        <div
          aria-live="polite"
          class="error"
          hidden=""
          id="seats-error-0"
        />
      </div>
      <div
        class="container"
      >
        <label
          class="label number"
        >
          <div
            class="labelText"
          >
            Treshold
          </div>
          <input
            aria-invalid="false"
            class="input"
            name="treshold"
            type="number"
            value="0"
          />
        </label>
        <div
          aria-live="polite"
          class="error"
          hidden=""
          id="treshold-error-1"
        />
      </div>
    </div>
  </div>
</div>
`;
